Test project /opt/lxl/c++/logAnalyzer
No tests were found!!!
